=== RUN   TestParseEthernet
--- PASS: TestParseEthernet (0.00s)
=== RUN   TestParseIP
    parser_test.go:58: invalid dst MAC: 
--- FAIL: TestParseIP (0.00s)
=== RUN   TestParseTransport
    parser_test.go:97: TCP/IP layer 4 checksum cannot be computed without network layer... call SetNetworkLayerForChecksum to set which layer to use
--- FAIL: TestParseTransport (0.00s)
FAIL
FAIL	github.com/kleaSCM/netscope/internal/parser	0.335s
FAIL
